Invalid timezone 'Asia/shanghai', falling back to UTC
Using timezone: UTC
Using time format: 24-hour
Scheduler started
[2026-03-07T09:09:36+00:00] No config file found at /config/config.json, using defaults.
Added job "heartbeat" to job store "default"
[2026-03-07T09:09:36+00:00] Scheduler heartbeat job started (every minute at :00).
[2026-03-07T09:10:00+00:00] Heartbeat: scheduler is alive.
[2026-03-07T09:11:00+00:00] Heartbeat: scheduler is alive.
[2026-03-07T09:12:00+00:00] Heartbeat: scheduler is alive.
[2026-03-07T09:13:00+00:00] Heartbeat: scheduler is alive.
[2026-03-07T09:14:00+00:00] Heartbeat: scheduler is alive.
Invalid timezone 'Asia/shanghai', falling back to UTC
Using timezone: UTC
Using time format: 24-hour
Scheduler started
[2026-03-09T05:09:15+00:00] No config file found at /config/config.json, using defaults.
Added job "heartbeat" to job store "default"
[2026-03-09T05:09:15+00:00] Scheduler heartbeat job started (every minute at :00).
[2026-03-09T05:10:00+00:00] Heartbeat: scheduler is alive.
[2026-03-09T05:11:00+00:00] Heartbeat: scheduler is alive.
[2026-03-09T05:12:00+00:00] Heartbeat: scheduler is alive.
[2026-03-09T05:13:00+00:00] Heartbeat: scheduler is alive.
[2026-03-09T05:14:00+00:00] Heartbeat: scheduler is alive.
[2026-03-09T05:15:00+00:00] Heartbeat: scheduler is alive.
[2026-03-09T05:16:00+00:00] Heartbeat: scheduler is alive.
[2026-03-09T05:17:00+00:00] Heartbeat: scheduler is alive.
[2026-03-09T05:18:00+00:00] Heartbeat: scheduler is alive.
[2026-03-09T05:19:00+00:00] Heartbeat: scheduler is alive.
[2026-03-09T05:20:00+00:00] Heartbeat: scheduler is alive.
[2026-03-09T05:21:00+00:00] Heartbeat: scheduler is alive.
[2026-03-09T05:22:00+00:00] Heartbeat: scheduler is alive.
[2026-03-09T05:23:00+00:00] Heartbeat: scheduler is alive.
[2026-03-09T05:24:00+00:00] Heartbeat: scheduler is alive.
[2026-03-09T05:25:00+00:00] Heartbeat: scheduler is alive.
[2026-03-09T05:26:00+00:00] Heartbeat: scheduler is alive.
[2026-03-09T05:27:00+00:00] Heartbeat: scheduler is alive.
[2026-03-09T05:28:00+00:00] Heartbeat: scheduler is alive.
[2026-03-09T05:29:00+00:00] Heartbeat: scheduler is alive.
[2026-03-09T05:30:00+00:00] Heartbeat: scheduler is alive.
[2026-03-09T05:31:00+00:00] Heartbeat: scheduler is alive.
[2026-03-09T05:32:00+00:00] Heartbeat: scheduler is alive.
[2026-03-09T05:33:00+00:00] Heartbeat: scheduler is alive.
[2026-03-09T05:34:00+00:00] Heartbeat: scheduler is alive.
[2026-03-09T05:35:00+00:00] Heartbeat: scheduler is alive.
[2026-03-09T05:36:00+00:00] Heartbeat: scheduler is alive.
[2026-03-09T05:37:00+00:00] Heartbeat: scheduler is alive.
[2026-03-09T05:38:00+00:00] Heartbeat: scheduler is alive.
[2026-03-09T05:39:00+00:00] Heartbeat: scheduler is alive.
[2026-03-09T05:40:00+00:00] Heartbeat: scheduler is alive.
[2026-03-09T05:41:00+00:00] Heartbeat: scheduler is alive.
[2026-03-09T05:42:00+00:00] Heartbeat: scheduler is alive.
[2026-03-09T05:43:00+00:00] Heartbeat: scheduler is alive.
[2026-03-09T05:44:00+00:00] Heartbeat: scheduler is alive.
[2026-03-09T05:45:00+00:00] Heartbeat: scheduler is alive.
[2026-03-09T05:46:00+00:00] Heartbeat: scheduler is alive.
[2026-03-09T05:47:00+00:00] Heartbeat: scheduler is alive.
[2026-03-09T05:48:00+00:00] Heartbeat: scheduler is alive.
[2026-03-09T05:49:00+00:00] Heartbeat: scheduler is alive.
[2026-03-09T05:50:00+00:00] Heartbeat: scheduler is alive.
[2026-03-09T05:51:00+00:00] Heartbeat: scheduler is alive.
[2026-03-09T05:52:00+00:00] Heartbeat: scheduler is alive.
[2026-03-09T05:53:00+00:00] Heartbeat: scheduler is alive.
[2026-03-09T05:54:00+00:00] Heartbeat: scheduler is alive.
[2026-03-09T05:55:00+00:00] Heartbeat: scheduler is alive.
[2026-03-09T05:56:00+00:00] Heartbeat: scheduler is alive.
[2026-03-09T05:57:00+00:00] Heartbeat: scheduler is alive.
[2026-03-09T05:58:00+00:00] Heartbeat: scheduler is alive.
[2026-03-09T05:59:00+00:00] Heartbeat: scheduler is alive.
[2026-03-09T06:00:00+00:00] Heartbeat: scheduler is alive.
[2026-03-09T06:01:00+00:00] Heartbeat: scheduler is alive.
[2026-03-09T06:02:00+00:00] Heartbeat: scheduler is alive.
[2026-03-09T06:03:00+00:00] Heartbeat: scheduler is alive.
[2026-03-09T06:04:00+00:00] Heartbeat: scheduler is alive.
[2026-03-09T06:05:00+00:00] Heartbeat: scheduler is alive.
[2026-03-09T06:06:00+00:00] Heartbeat: scheduler is alive.
[2026-03-09T06:07:00+00:00] Heartbeat: scheduler is alive.
[2026-03-09T06:08:00+00:00] Heartbeat: scheduler is alive.
[2026-03-09T06:09:00+00:00] Heartbeat: scheduler is alive.
[2026-03-09T06:10:00+00:00] Heartbeat: scheduler is alive.
[2026-03-09T06:11:00+00:00] Heartbeat: scheduler is alive.
[2026-03-09T06:12:00+00:00] Heartbeat: scheduler is alive.
[2026-03-09T06:13:00+00:00] Heartbeat: scheduler is alive.
[2026-03-09T06:14:00+00:00] Heartbeat: scheduler is alive.
[2026-03-09T06:15:00+00:00] Heartbeat: scheduler is alive.
[2026-03-09T06:16:00+00:00] Heartbeat: scheduler is alive.
[2026-03-09T06:17:00+00:00] Heartbeat: scheduler is alive.
[2026-03-09T06:18:00+00:00] Heartbeat: scheduler is alive.
[2026-03-09T06:19:00+00:00] Heartbeat: scheduler is alive.
[2026-03-09T07:12:02+00:00] Heartbeat: scheduler is alive.
[2026-03-09T07:13:00+00:00] Heartbeat: scheduler is alive.
[2026-03-09T07:14:00+00:00] Heartbeat: scheduler is alive.
[2026-03-09T07:15:00+00:00] Heartbeat: scheduler is alive.
[2026-03-09T07:16:00+00:00] Heartbeat: scheduler is alive.
[2026-03-09T07:17:00+00:00] Heartbeat: scheduler is alive.
[2026-03-09T07:18:00+00:00] Heartbeat: scheduler is alive.
[2026-03-09T07:19:00+00:00] Heartbeat: scheduler is alive.
[2026-03-09T07:20:00+00:00] Heartbeat: scheduler is alive.
[2026-03-09T07:21:00+00:00] Heartbeat: scheduler is alive.
[2026-03-09T07:22:00+00:00] Heartbeat: scheduler is alive.
[2026-03-09T07:23:00+00:00] Heartbeat: scheduler is alive.
[2026-03-09T07:24:00+00:00] Heartbeat: scheduler is alive.
[2026-03-09T07:25:00+00:00] Heartbeat: scheduler is alive.
[2026-03-09T07:26:00+00:00] Heartbeat: scheduler is alive.
[2026-03-09T07:27:00+00:00] Heartbeat: scheduler is alive.
[2026-03-09T07:28:00+00:00] Heartbeat: scheduler is alive.
[2026-03-09T07:29:00+00:00] Heartbeat: scheduler is alive.
[2026-03-09T07:30:00+00:00] Heartbeat: scheduler is alive.
[2026-03-09T07:31:00+00:00] Heartbeat: scheduler is alive.
[2026-03-09T07:32:00+00:00] Heartbeat: scheduler is alive.
[2026-03-09T07:33:00+00:00] Heartbeat: scheduler is alive.
[2026-03-09T07:34:00+00:00] Heartbeat: scheduler is alive.
[2026-03-09T07:35:00+00:00] Heartbeat: scheduler is alive.
[2026-03-09T07:36:00+00:00] Heartbeat: scheduler is alive.
[2026-03-09T07:37:00+00:00] Heartbeat: scheduler is alive.
[2026-03-09T07:38:00+00:00] Heartbeat: scheduler is alive.
[2026-03-09T07:39:00+00:00] Heartbeat: scheduler is alive.
[2026-03-09T07:40:00+00:00] Heartbeat: scheduler is alive.
[2026-03-09T07:41:00+00:00] Heartbeat: scheduler is alive.
[2026-03-09T07:42:00+00:00] Heartbeat: scheduler is alive.
[2026-03-09T07:43:00+00:00] Heartbeat: scheduler is alive.
[2026-03-09T07:44:00+00:00] Heartbeat: scheduler is alive.
[2026-03-09T07:45:00+00:00] Heartbeat: scheduler is alive.
[2026-03-09T07:46:00+00:00] Heartbeat: scheduler is alive.
[2026-03-09T07:47:00+00:00] Heartbeat: scheduler is alive.
[2026-03-09T07:48:00+00:00] Heartbeat: scheduler is alive.
[2026-03-09T07:49:00+00:00] Heartbeat: scheduler is alive.
[2026-03-09T07:50:00+00:00] Heartbeat: scheduler is alive.
[2026-03-09T07:51:00+00:00] Heartbeat: scheduler is alive.
[2026-03-09T07:52:00+00:00] Heartbeat: scheduler is alive.
[2026-03-09T07:53:00+00:00] Heartbeat: scheduler is alive.
[2026-03-09T07:54:00+00:00] Heartbeat: scheduler is alive.
[2026-03-09T07:55:00+00:00] Heartbeat: scheduler is alive.
[2026-03-09T07:56:00+00:00] Heartbeat: scheduler is alive.
[2026-03-09T07:57:00+00:00] Heartbeat: scheduler is alive.
[2026-03-09T07:58:00+00:00] Heartbeat: scheduler is alive.
[2026-03-09T07:59:00+00:00] Heartbeat: scheduler is alive.
[2026-03-09T08:00:00+00:00] Heartbeat: scheduler is alive.
[2026-03-09T08:01:00+00:00] Heartbeat: scheduler is alive.
[2026-03-09T08:02:00+00:00] Heartbeat: scheduler is alive.
[2026-03-09T08:03:00+00:00] Heartbeat: scheduler is alive.
[2026-03-09T08:04:00+00:00] Heartbeat: scheduler is alive.
[2026-03-09T08:05:00+00:00] Heartbeat: scheduler is alive.
[2026-03-09T08:06:00+00:00] Heartbeat: scheduler is alive.
[2026-03-09T08:07:00+00:00] Heartbeat: scheduler is alive.
[2026-03-09T08:08:00+00:00] Heartbeat: scheduler is alive.
[2026-03-09T08:09:00+00:00] Heartbeat: scheduler is alive.
[2026-03-09T08:10:00+00:00] Heartbeat: scheduler is alive.
[2026-03-09T08:11:00+00:00] Heartbeat: scheduler is alive.
[2026-03-09T08:12:00+00:00] Heartbeat: scheduler is alive.
[2026-03-09T08:13:00+00:00] Heartbeat: scheduler is alive.
[2026-03-09T08:14:00+00:00] Heartbeat: scheduler is alive.
[2026-03-09T08:15:00+00:00] Heartbeat: scheduler is alive.
[2026-03-09T08:16:00+00:00] Heartbeat: scheduler is alive.
[2026-03-09T08:17:00+00:00] Heartbeat: scheduler is alive.
[2026-03-09T08:18:00+00:00] Heartbeat: scheduler is alive.
[2026-03-09T08:19:00+00:00] Heartbeat: scheduler is alive.
[2026-03-09T08:20:00+00:00] Heartbeat: scheduler is alive.
[2026-03-09T08:21:00+00:00] Heartbeat: scheduler is alive.
[2026-03-09T08:22:00+00:00] Heartbeat: scheduler is alive.
[2026-03-09T08:23:00+00:00] Heartbeat: scheduler is alive.
[2026-03-09T08:24:00+00:00] Heartbeat: scheduler is alive.
[2026-03-09T08:25:00+00:00] Heartbeat: scheduler is alive.
[2026-03-09T08:26:00+00:00] Heartbeat: scheduler is alive.
[2026-03-09T08:27:00+00:00] Heartbeat: scheduler is alive.
[2026-03-09T08:28:00+00:00] Heartbeat: scheduler is alive.
[2026-03-09T08:29:00+00:00] Heartbeat: scheduler is alive.
[2026-03-09T08:30:00+00:00] Heartbeat: scheduler is alive.
[2026-03-09T08:31:00+00:00] Heartbeat: scheduler is alive.
[2026-03-09T08:32:00+00:00] Heartbeat: scheduler is alive.
[2026-03-09T08:33:00+00:00] Heartbeat: scheduler is alive.
[2026-03-09T08:34:00+00:00] Heartbeat: scheduler is alive.
[2026-03-09T08:35:00+00:00] Heartbeat: scheduler is alive.
[2026-03-09T08:36:00+00:00] Heartbeat: scheduler is alive.
[2026-03-09T08:37:00+00:00] Heartbeat: scheduler is alive.
[2026-03-09T08:38:00+00:00] Heartbeat: scheduler is alive.
[2026-03-09T08:39:00+00:00] Heartbeat: scheduler is alive.
[2026-03-09T08:40:00+00:00] Heartbeat: scheduler is alive.
[2026-03-09T08:41:00+00:00] Heartbeat: scheduler is alive.
[2026-03-09T08:42:00+00:00] Heartbeat: scheduler is alive.
[2026-03-09T08:43:00+00:00] Heartbeat: scheduler is alive.
[2026-03-09T08:44:00+00:00] Heartbeat: scheduler is alive.
[2026-03-09T08:45:00+00:00] Heartbeat: scheduler is alive.
[2026-03-09T08:46:00+00:00] Heartbeat: scheduler is alive.
[2026-03-09T08:47:00+00:00] Heartbeat: scheduler is alive.
[2026-03-09T08:48:00+00:00] Heartbeat: scheduler is alive.
[2026-03-09T08:49:00+00:00] Heartbeat: scheduler is alive.
[2026-03-09T08:50:00+00:00] Heartbeat: scheduler is alive.
[2026-03-09T08:51:00+00:00] Heartbeat: scheduler is alive.
[2026-03-09T08:52:00+00:00] Heartbeat: scheduler is alive.
[2026-03-09T08:53:00+00:00] Heartbeat: scheduler is alive.
[2026-03-09T08:54:00+00:00] Heartbeat: scheduler is alive.
[2026-03-09T08:55:00+00:00] Heartbeat: scheduler is alive.
[2026-03-09T08:56:00+00:00] Heartbeat: scheduler is alive.
[2026-03-09T08:57:00+00:00] Heartbeat: scheduler is alive.
[2026-03-09T08:58:00+00:00] Heartbeat: scheduler is alive.
[2026-03-09T08:59:00+00:00] Heartbeat: scheduler is alive.
[2026-03-09T09:00:00+00:00] Heartbeat: scheduler is alive.
[2026-03-09T09:01:00+00:00] Heartbeat: scheduler is alive.
[2026-03-09T09:02:00+00:00] Heartbeat: scheduler is alive.
[2026-03-09T09:03:00+00:00] Heartbeat: scheduler is alive.
[2026-03-09T09:04:00+00:00] Heartbeat: scheduler is alive.
[2026-03-09T09:05:00+00:00] Heartbeat: scheduler is alive.
[2026-03-09T09:06:00+00:00] Heartbeat: scheduler is alive.
[2026-03-09T09:07:00+00:00] Heartbeat: scheduler is alive.
[2026-03-09T09:08:00+00:00] Heartbeat: scheduler is alive.
[2026-03-09T09:09:00+00:00] Heartbeat: scheduler is alive.
[2026-03-09T09:10:00+00:00] Heartbeat: scheduler is alive.
[2026-03-09T09:11:00+00:00] Heartbeat: scheduler is alive.
[2026-03-09T09:12:00+00:00] Heartbeat: scheduler is alive.
[2026-03-09T09:13:00+00:00] Heartbeat: scheduler is alive.
[2026-03-09T09:14:00+00:00] Heartbeat: scheduler is alive.
[2026-03-09T09:15:00+00:00] Heartbeat: scheduler is alive.
[2026-03-09T09:16:00+00:00] Heartbeat: scheduler is alive.
[2026-03-09T09:17:00+00:00] Heartbeat: scheduler is alive.
[2026-03-09T09:18:00+00:00] Heartbeat: scheduler is alive.
[2026-03-09T09:19:00+00:00] Heartbeat: scheduler is alive.
[2026-03-09T09:20:00+00:00] Heartbeat: scheduler is alive.
[2026-03-09T09:21:00+00:00] Heartbeat: scheduler is alive.
[2026-03-09T09:22:00+00:00] Heartbeat: scheduler is alive.
[2026-03-09T09:23:00+00:00] Heartbeat: scheduler is alive.
[2026-03-09T09:24:00+00:00] Heartbeat: scheduler is alive.
[2026-03-09T09:25:00+00:00] Heartbeat: scheduler is alive.
[2026-03-09T09:26:00+00:00] Heartbeat: scheduler is alive.
[2026-03-09T09:27:00+00:00] Heartbeat: scheduler is alive.
[2026-03-09T09:28:00+00:00] Heartbeat: scheduler is alive.
[2026-03-09T09:29:00+00:00] Heartbeat: scheduler is alive.
[2026-03-09T09:30:00+00:00] Heartbeat: scheduler is alive.
[2026-03-09T09:31:00+00:00] Heartbeat: scheduler is alive.
[2026-03-09T09:32:00+00:00] Heartbeat: scheduler is alive.
[2026-03-09T09:33:00+00:00] Heartbeat: scheduler is alive.
[2026-03-09T09:34:00+00:00] Heartbeat: scheduler is alive.
[2026-03-09T09:35:00+00:00] Heartbeat: scheduler is alive.
[2026-03-09T09:36:00+00:00] Heartbeat: scheduler is alive.
[2026-03-09T09:37:00+00:00] Heartbeat: scheduler is alive.
[2026-03-09T09:38:00+00:00] Heartbeat: scheduler is alive.
[2026-03-09T09:39:00+00:00] Heartbeat: scheduler is alive.
[2026-03-09T09:40:00+00:00] Heartbeat: scheduler is alive.
[2026-03-09T09:41:00+00:00] Heartbeat: scheduler is alive.
Invalid timezone 'Asia/shanghai', falling back to UTC
Using timezone: UTC
Using time format: 24-hour
Scheduler started
[2026-03-11T02:23:52+00:00] No config file found at /config/config.json, using defaults.
Added job "heartbeat" to job store "default"
[2026-03-11T02:23:52+00:00] Scheduler heartbeat job started (every minute at :00).
[2026-03-11T02:24:00+00:00] Heartbeat: scheduler is alive.
[2026-03-11T02:25:00+00:00] Heartbeat: scheduler is alive.
[2026-03-11T02:26:00+00:00] Heartbeat: scheduler is alive.
[2026-03-11T02:27:00+00:00] Heartbeat: scheduler is alive.
[2026-03-11T02:28:00+00:00] Heartbeat: scheduler is alive.
[2026-03-11T02:29:00+00:00] Heartbeat: scheduler is alive.
[2026-03-11T02:30:00+00:00] Heartbeat: scheduler is alive.
[2026-03-11T02:31:00+00:00] Heartbeat: scheduler is alive.
[2026-03-11T02:32:00+00:00] Heartbeat: scheduler is alive.
[2026-03-11T02:33:00+00:00] Heartbeat: scheduler is alive.
[2026-03-11T02:34:00+00:00] Heartbeat: scheduler is alive.
[2026-03-11T02:35:00+00:00] Heartbeat: scheduler is alive.
[2026-03-11T02:36:00+00:00] Heartbeat: scheduler is alive.
[2026-03-11T02:37:00+00:00] Heartbeat: scheduler is alive.
[2026-03-11T02:38:00+00:00] Heartbeat: scheduler is alive.
[2026-03-11T02:39:00+00:00] Heartbeat: scheduler is alive.
[2026-03-11T02:40:00+00:00] Heartbeat: scheduler is alive.
[2026-03-11T02:41:00+00:00] Heartbeat: scheduler is alive.
[2026-03-11T02:42:00+00:00] Heartbeat: scheduler is alive.
[2026-03-11T02:43:00+00:00] Heartbeat: scheduler is alive.
[2026-03-11T02:44:00+00:00] Heartbeat: scheduler is alive.
[2026-03-11T02:45:00+00:00] Heartbeat: scheduler is alive.
[2026-03-11T02:46:00+00:00] Heartbeat: scheduler is alive.
[2026-03-11T02:47:00+00:00] Heartbeat: scheduler is alive.
[2026-03-11T02:48:00+00:00] Heartbeat: scheduler is alive.
[2026-03-11T02:49:00+00:00] Heartbeat: scheduler is alive.
[2026-03-11T02:50:00+00:00] Heartbeat: scheduler is alive.
[2026-03-11T02:51:00+00:00] Heartbeat: scheduler is alive.
[2026-03-11T02:52:00+00:00] Heartbeat: scheduler is alive.
[2026-03-11T02:53:00+00:00] Heartbeat: scheduler is alive.
[2026-03-11T02:54:00+00:00] Heartbeat: scheduler is alive.
[2026-03-11T02:55:00+00:00] Heartbeat: scheduler is alive.
[2026-03-11T02:56:00+00:00] Heartbeat: scheduler is alive.
[2026-03-11T02:57:00+00:00] Heartbeat: scheduler is alive.
[2026-03-11T02:58:00+00:00] Heartbeat: scheduler is alive.
[2026-03-11T02:59:00+00:00] Heartbeat: scheduler is alive.
[2026-03-11T03:00:00+00:00] Heartbeat: scheduler is alive.
[2026-03-11T03:00:00+00:00] Scheduled time reached (daily) at 03:00, running prune.
[2026-03-11T03:00:00+00:00] Starting prune job with configuration:
[2026-03-11T03:00:00+00:00] {'schedule_enabled': True, 'frequency': 'daily', 'time': '03:00', 'prune_containers': False, 'prune_images': True, 'prune_networks': False, 'prune_volumes': False, 'prune_build_cache': False, 'docker_hosts': [], 'notifications': {'provider': 'gotify', 'gotify': {'enabled': False, 'url': '', 'token': '***'}, 'ntfy': {'enabled': False, 'url': '', 'topic': '', 'token': '***'}, 'discord': {'enabled': False, 'webhook_url': ''}, 'telegram': {'enabled': False, 'bot_token': '', 'chat_id': ''}, 'priority': 'medium', 'only_on_changes': True}}
[2026-03-11T03:00:00+00:00] Processing 1 host(s) (1 local + 0 external)...
[2026-03-11T03:00:00+00:00] --- Processing host: Local (unix:///var/run/docker.sock) ---
[2026-03-11T03:00:00+00:00] [Local] Pruning images (all unused)…
[2026-03-11T03:00:00+00:00] [Local] Images prune result: {'ImagesDeleted': None, 'SpaceReclaimed': 0}
[2026-03-11T03:00:00+00:00] [Local] Prune completed: containers=0, images=0, networks=0, volumes=0, build_cache=0, space=0.0 B
[2026-03-11T03:00:00+00:00] Prune job finished for all hosts.
[2026-03-11T03:00:00+00:00] Statistics saved to /config/stats.json
[2026-03-11T03:00:00+00:00] Nothing was pruned; skipping notification.
[2026-03-11T03:01:00+00:00] Heartbeat: scheduler is alive.
[2026-03-11T03:02:00+00:00] Heartbeat: scheduler is alive.
[2026-03-11T03:03:00+00:00] Heartbeat: scheduler is alive.
[2026-03-11T03:04:00+00:00] Heartbeat: scheduler is alive.
[2026-03-11T03:05:00+00:00] Heartbeat: scheduler is alive.
[2026-03-11T03:06:00+00:00] Heartbeat: scheduler is alive.
[2026-03-11T03:07:00+00:00] Heartbeat: scheduler is alive.
[2026-03-11T03:08:00+00:00] Heartbeat: scheduler is alive.
[2026-03-11T03:09:00+00:00] Heartbeat: scheduler is alive.
[2026-03-11T03:10:00+00:00] Heartbeat: scheduler is alive.
[2026-03-11T03:11:00+00:00] Heartbeat: scheduler is alive.
[2026-03-11T03:12:00+00:00] Heartbeat: scheduler is alive.
[2026-03-11T03:13:00+00:00] Heartbeat: scheduler is alive.
[2026-03-11T03:14:00+00:00] Heartbeat: scheduler is alive.
[2026-03-11T03:15:00+00:00] Heartbeat: scheduler is alive.
[2026-03-11T03:16:00+00:00] Heartbeat: scheduler is alive.
[2026-03-11T03:17:00+00:00] Heartbeat: scheduler is alive.
[2026-03-11T03:18:00+00:00] Heartbeat: scheduler is alive.
[2026-03-11T03:19:00+00:00] Heartbeat: scheduler is alive.
[2026-03-11T03:20:00+00:00] Heartbeat: scheduler is alive.
[2026-03-11T03:21:00+00:00] Heartbeat: scheduler is alive.
[2026-03-11T03:22:00+00:00] Heartbeat: scheduler is alive.
[2026-03-11T03:23:00+00:00] Heartbeat: scheduler is alive.
[2026-03-11T03:24:00+00:00] Heartbeat: scheduler is alive.
[2026-03-11T03:25:00+00:00] Heartbeat: scheduler is alive.
[2026-03-11T03:26:00+00:00] Heartbeat: scheduler is alive.
[2026-03-11T03:27:00+00:00] Heartbeat: scheduler is alive.
[2026-03-11T03:28:00+00:00] Heartbeat: scheduler is alive.
[2026-03-11T03:29:00+00:00] Heartbeat: scheduler is alive.
[2026-03-11T03:30:00+00:00] Heartbeat: scheduler is alive.
[2026-03-11T03:31:00+00:00] Heartbeat: scheduler is alive.
[2026-03-11T03:32:00+00:00] Heartbeat: scheduler is alive.
[2026-03-11T03:33:00+00:00] Heartbeat: scheduler is alive.
[2026-03-11T03:34:00+00:00] Heartbeat: scheduler is alive.
[2026-03-11T03:35:00+00:00] Heartbeat: scheduler is alive.
[2026-03-11T03:36:00+00:00] Heartbeat: scheduler is alive.
[2026-03-11T03:37:00+00:00] Heartbeat: scheduler is alive.
[2026-03-11T03:38:00+00:00] Heartbeat: scheduler is alive.
[2026-03-11T03:39:00+00:00] Heartbeat: scheduler is alive.
[2026-03-11T03:40:00+00:00] Heartbeat: scheduler is alive.
[2026-03-11T03:41:00+00:00] Heartbeat: scheduler is alive.
[2026-03-11T03:42:00+00:00] Heartbeat: scheduler is alive.
[2026-03-11T03:43:00+00:00] Heartbeat: scheduler is alive.
[2026-03-11T03:44:00+00:00] Heartbeat: scheduler is alive.
[2026-03-11T03:45:00+00:00] Heartbeat: scheduler is alive.
[2026-03-11T03:46:00+00:00] Heartbeat: scheduler is alive.
[2026-03-11T03:47:00+00:00] Heartbeat: scheduler is alive.
[2026-03-11T03:48:00+00:00] Heartbeat: scheduler is alive.
[2026-03-11T03:49:00+00:00] Heartbeat: scheduler is alive.
[2026-03-11T03:50:00+00:00] Heartbeat: scheduler is alive.
[2026-03-11T03:51:00+00:00] Heartbeat: scheduler is alive.
[2026-03-11T03:52:00+00:00] Heartbeat: scheduler is alive.
[2026-03-11T03:53:00+00:00] Heartbeat: scheduler is alive.
[2026-03-11T03:54:00+00:00] Heartbeat: scheduler is alive.
[2026-03-11T03:55:00+00:00] Heartbeat: scheduler is alive.
[2026-03-11T03:56:00+00:00] Heartbeat: scheduler is alive.
[2026-03-11T03:57:00+00:00] Heartbeat: scheduler is alive.
[2026-03-11T03:58:00+00:00] Heartbeat: scheduler is alive.
[2026-03-11T03:59:00+00:00] Heartbeat: scheduler is alive.
[2026-03-11T04:00:00+00:00] Heartbeat: scheduler is alive.
[2026-03-11T04:01:00+00:00] Heartbeat: scheduler is alive.
[2026-03-11T04:02:00+00:00] Heartbeat: scheduler is alive.
[2026-03-11T04:03:00+00:00] Heartbeat: scheduler is alive.
[2026-03-11T04:04:00+00:00] Heartbeat: scheduler is alive.
[2026-03-11T05:00:34+00:00] Heartbeat: scheduler is alive.
[2026-03-11T05:01:00+00:00] Heartbeat: scheduler is alive.
[2026-03-11T05:02:00+00:00] Heartbeat: scheduler is alive.
[2026-03-11T05:03:00+00:00] Heartbeat: scheduler is alive.
[2026-03-11T05:04:00+00:00] Heartbeat: scheduler is alive.
[2026-03-11T05:05:00+00:00] Heartbeat: scheduler is alive.
[2026-03-11T05:06:00+00:00] Heartbeat: scheduler is alive.
[2026-03-11T05:07:00+00:00] Heartbeat: scheduler is alive.
[2026-03-11T05:08:00+00:00] Heartbeat: scheduler is alive.
[2026-03-11T05:09:00+00:00] Heartbeat: scheduler is alive.
[2026-03-11T05:10:00+00:00] Heartbeat: scheduler is alive.
[2026-03-11T05:11:00+00:00] Heartbeat: scheduler is alive.
[2026-03-11T05:12:00+00:00] Heartbeat: scheduler is alive.
[2026-03-11T05:13:00+00:00] Heartbeat: scheduler is alive.
[2026-03-11T05:14:00+00:00] Heartbeat: scheduler is alive.
[2026-03-11T05:15:00+00:00] Heartbeat: scheduler is alive.
[2026-03-11T05:16:00+00:00] Heartbeat: scheduler is alive.
[2026-03-11T05:17:00+00:00] Heartbeat: scheduler is alive.
[2026-03-11T05:18:00+00:00] Heartbeat: scheduler is alive.
[2026-03-11T05:19:00+00:00] Heartbeat: scheduler is alive.
[2026-03-11T05:20:00+00:00] Heartbeat: scheduler is alive.
[2026-03-11T05:21:00+00:00] Heartbeat: scheduler is alive.
[2026-03-11T05:22:00+00:00] Heartbeat: scheduler is alive.
[2026-03-11T05:23:00+00:00] Heartbeat: scheduler is alive.
[2026-03-11T05:24:00+00:00] Heartbeat: scheduler is alive.
[2026-03-11T05:25:00+00:00] Heartbeat: scheduler is alive.
[2026-03-11T05:26:00+00:00] Heartbeat: scheduler is alive.
[2026-03-11T05:27:00+00:00] Heartbeat: scheduler is alive.
[2026-03-11T05:28:00+00:00] Heartbeat: scheduler is alive.
[2026-03-11T05:29:00+00:00] Heartbeat: scheduler is alive.
[2026-03-11T05:30:00+00:00] Heartbeat: scheduler is alive.
[2026-03-11T05:31:00+00:00] Heartbeat: scheduler is alive.
[2026-03-11T05:32:00+00:00] Heartbeat: scheduler is alive.
[2026-03-11T05:33:00+00:00] Heartbeat: scheduler is alive.
[2026-03-11T05:34:00+00:00] Heartbeat: scheduler is alive.
[2026-03-11T05:35:00+00:00] Heartbeat: scheduler is alive.
[2026-03-11T05:36:00+00:00] Heartbeat: scheduler is alive.
[2026-03-11T05:37:00+00:00] Heartbeat: scheduler is alive.
[2026-03-11T05:38:00+00:00] Heartbeat: scheduler is alive.
[2026-03-11T05:39:00+00:00] Heartbeat: scheduler is alive.
[2026-03-11T05:40:00+00:00] Heartbeat: scheduler is alive.
[2026-03-11T05:41:00+00:00] Heartbeat: scheduler is alive.
[2026-03-11T05:42:00+00:00] Heartbeat: scheduler is alive.
[2026-03-11T05:43:00+00:00] Heartbeat: scheduler is alive.
[2026-03-11T05:44:00+00:00] Heartbeat: scheduler is alive.
[2026-03-11T05:45:00+00:00] Heartbeat: scheduler is alive.
[2026-03-11T05:46:00+00:00] Heartbeat: scheduler is alive.
[2026-03-11T05:47:00+00:00] Heartbeat: scheduler is alive.
[2026-03-11T05:48:00+00:00] Heartbeat: scheduler is alive.
[2026-03-11T05:49:00+00:00] Heartbeat: scheduler is alive.
[2026-03-11T05:50:00+00:00] Heartbeat: scheduler is alive.
[2026-03-11T05:51:00+00:00] Heartbeat: scheduler is alive.
[2026-03-11T05:52:00+00:00] Heartbeat: scheduler is alive.
[2026-03-11T06:18:12+00:00] Heartbeat: scheduler is alive.
[2026-03-11T06:19:00+00:00] Heartbeat: scheduler is alive.
[2026-03-11T06:20:00+00:00] Heartbeat: scheduler is alive.
[2026-03-11T06:21:00+00:00] Heartbeat: scheduler is alive.
[2026-03-11T06:22:00+00:00] Heartbeat: scheduler is alive.
[2026-03-11T06:23:00+00:00] Heartbeat: scheduler is alive.
[2026-03-11T06:24:00+00:00] Heartbeat: scheduler is alive.
[2026-03-11T06:25:00+00:00] Heartbeat: scheduler is alive.
[2026-03-11T06:26:00+00:00] Heartbeat: scheduler is alive.
[2026-03-11T06:27:00+00:00] Heartbeat: scheduler is alive.
[2026-03-11T06:28:00+00:00] Heartbeat: scheduler is alive.
[2026-03-11T06:29:00+00:00] Heartbeat: scheduler is alive.
[2026-03-11T06:30:00+00:00] Heartbeat: scheduler is alive.
[2026-03-11T06:31:00+00:00] Heartbeat: scheduler is alive.
[2026-03-11T06:32:00+00:00] Heartbeat: scheduler is alive.
[2026-03-11T06:33:00+00:00] Heartbeat: scheduler is alive.
[2026-03-11T06:34:00+00:00] Heartbeat: scheduler is alive.
[2026-03-11T06:35:00+00:00] Heartbeat: scheduler is alive.
[2026-03-11T06:36:00+00:00] Heartbeat: scheduler is alive.
[2026-03-11T06:37:00+00:00] Heartbeat: scheduler is alive.
[2026-03-11T06:38:00+00:00] Heartbeat: scheduler is alive.
[2026-03-11T06:39:00+00:00] Heartbeat: scheduler is alive.
[2026-03-11T06:40:00+00:00] Heartbeat: scheduler is alive.
[2026-03-11T06:41:00+00:00] Heartbeat: scheduler is alive.
[2026-03-11T06:42:00+00:00] Heartbeat: scheduler is alive.
[2026-03-11T06:43:00+00:00] Heartbeat: scheduler is alive.
[2026-03-11T06:44:00+00:00] Heartbeat: scheduler is alive.
[2026-03-11T06:45:00+00:00] Heartbeat: scheduler is alive.
[2026-03-11T06:46:00+00:00] Heartbeat: scheduler is alive.
[2026-03-11T06:47:00+00:00] Heartbeat: scheduler is alive.
[2026-03-11T06:48:00+00:00] Heartbeat: scheduler is alive.
[2026-03-11T06:49:00+00:00] Heartbeat: scheduler is alive.
[2026-03-11T06:50:00+00:00] Heartbeat: scheduler is alive.
[2026-03-11T06:51:00+00:00] Heartbeat: scheduler is alive.
[2026-03-11T06:52:00+00:00] Heartbeat: scheduler is alive.
[2026-03-11T06:53:00+00:00] Heartbeat: scheduler is alive.
[2026-03-11T06:54:00+00:00] Heartbeat: scheduler is alive.
[2026-03-11T06:55:00+00:00] Heartbeat: scheduler is alive.
[2026-03-11T06:56:00+00:00] Heartbeat: scheduler is alive.
[2026-03-11T06:57:00+00:00] Heartbeat: scheduler is alive.
[2026-03-11T06:58:00+00:00] Heartbeat: scheduler is alive.
[2026-03-11T06:59:00+00:00] Heartbeat: scheduler is alive.
[2026-03-11T07:00:00+00:00] Heartbeat: scheduler is alive.
[2026-03-11T07:01:00+00:00] Heartbeat: scheduler is alive.
[2026-03-11T07:02:00+00:00] Heartbeat: scheduler is alive.
[2026-03-11T07:03:00+00:00] Heartbeat: scheduler is alive.
[2026-03-11T07:04:00+00:00] Heartbeat: scheduler is alive.
[2026-03-11T07:05:00+00:00] Heartbeat: scheduler is alive.
[2026-03-11T07:06:00+00:00] Heartbeat: scheduler is alive.
[2026-03-11T07:07:00+00:00] Heartbeat: scheduler is alive.
[2026-03-11T07:08:00+00:00] Heartbeat: scheduler is alive.
[2026-03-11T07:09:00+00:00] Heartbeat: scheduler is alive.
[2026-03-11T07:10:00+00:00] Heartbeat: scheduler is alive.
[2026-03-11T07:11:00+00:00] Heartbeat: scheduler is alive.
[2026-03-11T07:12:00+00:00] Heartbeat: scheduler is alive.
[2026-03-11T07:13:00+00:00] Heartbeat: scheduler is alive.
[2026-03-11T07:14:00+00:00] Heartbeat: scheduler is alive.
[2026-03-11T07:15:00+00:00] Heartbeat: scheduler is alive.
[2026-03-11T07:16:00+00:00] Heartbeat: scheduler is alive.
[2026-03-11T07:17:00+00:00] Heartbeat: scheduler is alive.
[2026-03-11T07:18:00+00:00] Heartbeat: scheduler is alive.
[2026-03-11T07:19:00+00:00] Heartbeat: scheduler is alive.
[2026-03-11T07:20:00+00:00] Heartbeat: scheduler is alive.
[2026-03-11T07:21:00+00:00] Heartbeat: scheduler is alive.
[2026-03-11T07:22:00+00:00] Heartbeat: scheduler is alive.
[2026-03-11T07:23:00+00:00] Heartbeat: scheduler is alive.
[2026-03-11T07:24:00+00:00] Heartbeat: scheduler is alive.
[2026-03-11T07:25:00+00:00] Heartbeat: scheduler is alive.
[2026-03-11T07:26:00+00:00] Heartbeat: scheduler is alive.
[2026-03-11T07:27:00+00:00] Heartbeat: scheduler is alive.
[2026-03-11T07:28:00+00:00] Heartbeat: scheduler is alive.
[2026-03-11T07:29:00+00:00] Heartbeat: scheduler is alive.
[2026-03-11T07:30:00+00:00] Heartbeat: scheduler is alive.
[2026-03-11T07:31:00+00:00] Heartbeat: scheduler is alive.
[2026-03-11T07:32:00+00:00] Heartbeat: scheduler is alive.
[2026-03-11T07:33:00+00:00] Heartbeat: scheduler is alive.
[2026-03-11T07:34:00+00:00] Heartbeat: scheduler is alive.
[2026-03-11T07:35:00+00:00] Heartbeat: scheduler is alive.
[2026-03-11T07:36:00+00:00] Heartbeat: scheduler is alive.
[2026-03-11T07:37:00+00:00] Heartbeat: scheduler is alive.
[2026-03-11T07:38:00+00:00] Heartbeat: scheduler is alive.
[2026-03-11T07:39:00+00:00] Heartbeat: scheduler is alive.
[2026-03-11T07:40:00+00:00] Heartbeat: scheduler is alive.
[2026-03-11T07:41:00+00:00] Heartbeat: scheduler is alive.
[2026-03-11T07:42:00+00:00] Heartbeat: scheduler is alive.
[2026-03-11T07:43:00+00:00] Heartbeat: scheduler is alive.
[2026-03-11T07:44:00+00:00] Heartbeat: scheduler is alive.
[2026-03-11T07:45:00+00:00] Heartbeat: scheduler is alive.
[2026-03-11T07:46:00+00:00] Heartbeat: scheduler is alive.
[2026-03-11T07:47:00+00:00] Heartbeat: scheduler is alive.
[2026-03-11T07:48:00+00:00] Heartbeat: scheduler is alive.
[2026-03-11T07:49:00+00:00] Heartbeat: scheduler is alive.
[2026-03-11T07:50:00+00:00] Heartbeat: scheduler is alive.
[2026-03-11T07:51:00+00:00] Heartbeat: scheduler is alive.
[2026-03-11T07:52:00+00:00] Heartbeat: scheduler is alive.
[2026-03-11T07:53:00+00:00] Heartbeat: scheduler is alive.
[2026-03-11T07:54:00+00:00] Heartbeat: scheduler is alive.
[2026-03-11T07:55:00+00:00] Heartbeat: scheduler is alive.
[2026-03-11T07:56:00+00:00] Heartbeat: scheduler is alive.
[2026-03-11T07:57:00+00:00] Heartbeat: scheduler is alive.
[2026-03-11T07:58:00+00:00] Heartbeat: scheduler is alive.
[2026-03-11T07:59:00+00:00] Heartbeat: scheduler is alive.
[2026-03-11T08:00:00+00:00] Heartbeat: scheduler is alive.
[2026-03-11T08:01:00+00:00] Heartbeat: scheduler is alive.
[2026-03-11T08:02:00+00:00] Heartbeat: scheduler is alive.
[2026-03-11T08:03:00+00:00] Heartbeat: scheduler is alive.
[2026-03-11T08:04:00+00:00] Heartbeat: scheduler is alive.
[2026-03-11T08:05:00+00:00] Heartbeat: scheduler is alive.
[2026-03-11T08:06:00+00:00] Heartbeat: scheduler is alive.
[2026-03-11T08:07:00+00:00] Heartbeat: scheduler is alive.
[2026-03-11T08:08:00+00:00] Heartbeat: scheduler is alive.
[2026-03-11T08:09:00+00:00] Heartbeat: scheduler is alive.
[2026-03-11T08:10:00+00:00] Heartbeat: scheduler is alive.
[2026-03-11T08:11:00+00:00] Heartbeat: scheduler is alive.
[2026-03-11T08:12:00+00:00] Heartbeat: scheduler is alive.
[2026-03-11T08:13:00+00:00] Heartbeat: scheduler is alive.
[2026-03-11T08:14:00+00:00] Heartbeat: scheduler is alive.
[2026-03-11T08:15:00+00:00] Heartbeat: scheduler is alive.
[2026-03-11T08:16:00+00:00] Heartbeat: scheduler is alive.
[2026-03-11T08:17:00+00:00] Heartbeat: scheduler is alive.
[2026-03-11T08:18:00+00:00] Heartbeat: scheduler is alive.
[2026-03-11T08:19:00+00:00] Heartbeat: scheduler is alive.
[2026-03-11T08:20:00+00:00] Heartbeat: scheduler is alive.
[2026-03-11T08:21:00+00:00] Heartbeat: scheduler is alive.
[2026-03-11T08:22:00+00:00] Heartbeat: scheduler is alive.
[2026-03-11T08:23:00+00:00] Heartbeat: scheduler is alive.
[2026-03-11T08:24:00+00:00] Heartbeat: scheduler is alive.
[2026-03-11T08:25:00+00:00] Heartbeat: scheduler is alive.
[2026-03-11T08:26:00+00:00] Heartbeat: scheduler is alive.
[2026-03-11T08:27:00+00:00] Heartbeat: scheduler is alive.
[2026-03-11T08:28:00+00:00] Heartbeat: scheduler is alive.
[2026-03-11T08:29:00+00:00] Heartbeat: scheduler is alive.
[2026-03-11T08:30:00+00:00] Heartbeat: scheduler is alive.
[2026-03-11T08:31:00+00:00] Heartbeat: scheduler is alive.
[2026-03-11T08:32:00+00:00] Heartbeat: scheduler is alive.
[2026-03-11T08:33:00+00:00] Heartbeat: scheduler is alive.
[2026-03-11T08:34:00+00:00] Heartbeat: scheduler is alive.
[2026-03-11T08:35:00+00:00] Heartbeat: scheduler is alive.
[2026-03-11T08:36:00+00:00] Heartbeat: scheduler is alive.
[2026-03-11T08:37:00+00:00] Heartbeat: scheduler is alive.
[2026-03-11T08:38:00+00:00] Heartbeat: scheduler is alive.
[2026-03-11T08:39:00+00:00] Heartbeat: scheduler is alive.
[2026-03-11T08:40:00+00:00] Heartbeat: scheduler is alive.
[2026-03-11T08:41:00+00:00] Heartbeat: scheduler is alive.
[2026-03-11T08:42:00+00:00] Heartbeat: scheduler is alive.
[2026-03-11T08:43:00+00:00] Heartbeat: scheduler is alive.
[2026-03-11T08:44:00+00:00] Heartbeat: scheduler is alive.
[2026-03-11T08:45:00+00:00] Heartbeat: scheduler is alive.
[2026-03-11T08:46:00+00:00] Heartbeat: scheduler is alive.
[2026-03-11T08:47:00+00:00] Heartbeat: scheduler is alive.
[2026-03-11T08:48:00+00:00] Heartbeat: scheduler is alive.
[2026-03-11T08:49:00+00:00] Heartbeat: scheduler is alive.
[2026-03-11T08:50:00+00:00] Heartbeat: scheduler is alive.
[2026-03-11T08:51:00+00:00] Heartbeat: scheduler is alive.
[2026-03-11T08:52:00+00:00] Heartbeat: scheduler is alive.
[2026-03-11T08:53:00+00:00] Heartbeat: scheduler is alive.
[2026-03-11T08:54:00+00:00] Heartbeat: scheduler is alive.
[2026-03-11T08:55:00+00:00] Heartbeat: scheduler is alive.
[2026-03-11T08:56:00+00:00] Heartbeat: scheduler is alive.
[2026-03-11T08:57:00+00:00] Heartbeat: scheduler is alive.
[2026-03-11T08:58:00+00:00] Heartbeat: scheduler is alive.
[2026-03-11T08:59:00+00:00] Heartbeat: scheduler is alive.
[2026-03-11T09:00:00+00:00] Heartbeat: scheduler is alive.
[2026-03-11T09:01:00+00:00] Heartbeat: scheduler is alive.
[2026-03-11T09:02:00+00:00] Heartbeat: scheduler is alive.
[2026-03-11T09:03:00+00:00] Heartbeat: scheduler is alive.
[2026-03-11T09:04:00+00:00] Heartbeat: scheduler is alive.
[2026-03-11T09:05:00+00:00] Heartbeat: scheduler is alive.
[2026-03-11T09:06:00+00:00] Heartbeat: scheduler is alive.
[2026-03-11T09:07:00+00:00] Heartbeat: scheduler is alive.
[2026-03-11T09:08:00+00:00] Heartbeat: scheduler is alive.
[2026-03-11T09:09:00+00:00] Heartbeat: scheduler is alive.
[2026-03-11T09:10:00+00:00] Heartbeat: scheduler is alive.
[2026-03-11T09:11:00+00:00] Heartbeat: scheduler is alive.
[2026-03-11T09:12:00+00:00] Heartbeat: scheduler is alive.
[2026-03-11T09:13:00+00:00] Heartbeat: scheduler is alive.
[2026-03-11T09:14:00+00:00] Heartbeat: scheduler is alive.
[2026-03-11T09:15:00+00:00] Heartbeat: scheduler is alive.
Invalid timezone 'Asia/shanghai', falling back to UTC
Using timezone: UTC
Using time format: 24-hour
Scheduler started
[2026-03-11T12:24:14+00:00] No config file found at /config/config.json, using defaults.
Added job "heartbeat" to job store "default"
[2026-03-11T12:24:14+00:00] Scheduler heartbeat job started (every minute at :00).
[2026-03-11T12:25:00+00:00] Heartbeat: scheduler is alive.
[2026-03-11T12:26:00+00:00] Heartbeat: scheduler is alive.
[2026-03-11T12:27:00+00:00] Heartbeat: scheduler is alive.
[2026-03-11T12:28:00+00:00] Heartbeat: scheduler is alive.
[2026-03-11T12:29:00+00:00] Heartbeat: scheduler is alive.
[2026-03-11T12:30:00+00:00] Heartbeat: scheduler is alive.
